2024-01-15 08:00:01 INFO  Application started successfully
2024-01-15 08:01:10 INFO  User login: user_id=101
2024-01-15 08:02:45 WARNING Disk usage at 78% on /dev/sda1
2024-01-15 08:03:12 ERROR  Database connection timeout after 30s
2024-01-15 08:04:01 INFO  Retry attempt 1 for DB connection
2024-01-15 08:04:05 INFO  Database reconnected successfully
2024-01-15 08:05:30 WARNING High memory usage: 85% used
2024-01-15 08:06:11 ERROR  Failed to write to /var/log/audit.log — permission denied
2024-01-15 08:07:00 INFO  Scheduled job: backup started
2024-01-15 08:08:45 ERROR  Backup failed: S3 bucket unreachable
2024-01-15 08:09:00 INFO  Sending alert email to ops-team@company.com
2024-01-15 08:10:22 WARNING CPU spike: 92% utilization detected
2024-01-15 08:11:00 INFO  CPU normalized to 45%
2024-01-15 08:12:33 ERROR  API endpoint /health returned 500
2024-01-15 08:13:01 INFO  Health check recovered
2024-01-15 08:14:00 INFO  Deployment triggered by CI/CD pipeline
2024-01-15 08:15:44 WARNING Deployment taking longer than expected (>5 min)
2024-01-15 08:16:10 INFO  Deployment completed successfully
2024-01-15 08:17:00 INFO  All services healthy
2024-01-15 08:18:30 ERROR  Unexpected process exit: worker-3 (exit code 1)